// Jest Snapshot v1, https://goo.gl/fbAQLP

exports[`ChangePassword should render correctly 1`] = `
<View
  style={
    {
      "alignItems": "center",
      "flex": 1,
      "justifyContent": "center",
    }
  }
>
  <ActivityIndicator
    color="#0000ff"
    size="large"
  />
</View>
`;
